// Jest Snapshot v1, https://goo.gl/fbAQLP

exports[`<MoviesIndexView/> Renders  main components for movies page 1`] = `
<div
  className="App"
>
  <div
    className="mainHeader"
  >
    <span
      className="nav"
    >
      <a
        className="navLink"
        onClick={[Function]}
        style={Object {}}
      >
        Home
      </a>
    </span>
    <span
      className="nav"
    >
      <a
        className="navLink"
        onClick={[Function]}
        style={Object {}}
      >
        Movies
      </a>
    </span>
    <span
      className="nav"
    >
      <a
        className="navLink"
        onClick={[Function]}
        style={Object {}}
      >
        About
      </a>
    </span>
  </div>
  <div
    className="header"
  >
    <a
      onClick={[Function]}
      style={Object {}}
    >
      <button
        className="create"
        type="button"
      >
        Create Movie
      </button>
    </a>
    <h2>
      Movies
    </h2>
    <div
      className="buttonMode"
    >
      <button
        className="user"
        onClick={undefined}
        type="button"
      >
        User
      </button>
    </div>
  </div>
  <div
    className="movie-list-container"
  >
    <div
      className="leftPart"
    >
      <div
        className="FieldSortSearch"
      >
        <p>
          Sort movies
        </p>
        <div>
          <button
            className="sortByLikies"
            onClick={[Function]}
            type="button"
          >
            <small>
               by likies
            </small>
          </button>
          <button
            className="sortByRating"
            onClick={[Function]}
            type="button"
          >
            <small>
               by rating
            </small>
          </button>
        </div>
        <div
          className="fieldInput"
        >
          <button
            className="submit"
            onClick={[Function]}
            type="submit"
          >
            ðŸ”Ž
          </button>
          <input
            className="input"
            onChange={[Function]}
            placeholder="Search by name"
            type="search"
            value=""
          />
        </div>
      </div>
    </div>
  </div>
  <div
    className="movie-details-container"
  />
  <div
    className="clear"
  />
  <div
    className="footer"
  >
    <h2>
       EPAM
    </h2>
  </div>
</div>
`;
