// Jest Snapshot v1, https://goo.gl/fbAQLP

exports[`<MovieListView/> Renders  component with list of the movie 1`] = `
<div
  className="leftPart"
>
  <div
    className="FieldSortSearch"
  >
    <p>
      Sort movies
    </p>
    <div>
      <button
        className="sortByLikies"
        onClick={undefined}
        type="button"
      >
        <small>
           by likies
        </small>
      </button>
      <button
        className="sortByRating"
        onClick={undefined}
        type="button"
      >
        <small>
           by rating
        </small>
      </button>
    </div>
    <div
      className="fieldInput"
    >
      <button
        className="submit"
        onClick={[Function]}
        type="submit"
      >
        ðŸ”Ž
      </button>
      <input
        className="input"
        onChange={[Function]}
        placeholder="Search by name"
        type="search"
        value=""
      />
    </div>
  </div>
  <div
    className="movie-thumbnail-title"
    onClick={[Function]}
  >
    <div
      className="title"
    >
      <small>
        title
      </small>
    </div>
    <div
      className="likes"
    >
      <button
        className="thumb"
        onClick={[Function]}
        type="button"
      >
        <i
          aria-hidden="true"
          className="fa fa-thumbs-o-up"
        />
      </button>
      <button
        className="thumb"
        onClick={[Function]}
        type="button"
      >
        <i
          aria-hidden="true"
          className="fa fa-thumbs-o-down"
        />
      </button>
      <small>
        likes
      </small>
      <hr />
      <span
        className="amountLike"
      >
        42
      </span>
    </div>
    <img
      alt="poster"
      className="image"
      src="http://www.theamazingpics.com/wp-content/uploads/2014/05/Amazing-Picture-of-A-Japanese-Garden-in-Portland-USA.jpg"
    />
    <div
      className="clear"
    />
    <div
      className="stars"
    >
      <span
        style={
          Object {
            "cursor": "default",
          }
        }
      >
        <span
          className="star"
          onClick={[Function]}
        >
          â˜…
        </span>
        <span
          className="star"
          onClick={[Function]}
        >
          â˜…
        </span>
        <span
          className="star"
          onClick={[Function]}
        >
          â˜…
        </span>
        <span
          className="star"
          onClick={[Function]}
        >
          â˜…
        </span>
        <span
          className="star"
          onClick={[Function]}
        >
          â˜†
        </span>
      </span>
    </div>
  </div>
  <div
    className="movie-thumbnail-title"
    onClick={[Function]}
  >
    <div
      className="title"
    >
      <small>
        title11
      </small>
    </div>
    <div
      className="likes"
    >
      <button
        className="thumb"
        onClick={[Function]}
        type="button"
      >
        <i
          aria-hidden="true"
          className="fa fa-thumbs-o-up"
        />
      </button>
      <button
        className="thumb"
        onClick={[Function]}
        type="button"
      >
        <i
          aria-hidden="true"
          className="fa fa-thumbs-o-down"
        />
      </button>
      <small>
        likes
      </small>
      <hr />
      <span
        className="amountLike"
      >
        43
      </span>
    </div>
    <img
      alt="poster"
      className="image"
      src="http://www.theamazingpics.com/wp-content/uploads/2014/05/Amazing-Picture-of-A-Japanese-Garden-in-Portland-USA.jpg"
    />
    <div
      className="clear"
    />
    <div
      className="stars"
    >
      <span
        style={
          Object {
            "cursor": "default",
          }
        }
      >
        <span
          className="star"
          onClick={[Function]}
        >
          â˜…
        </span>
        <span
          className="star"
          onClick={[Function]}
        >
          â˜…
        </span>
        <span
          className="star"
          onClick={[Function]}
        >
          â˜…
        </span>
        <span
          className="star"
          onClick={[Function]}
        >
          â˜…
        </span>
        <span
          className="star"
          onClick={[Function]}
        >
          â˜…
        </span>
      </span>
    </div>
  </div>
</div>
`;
