// Jest Snapshot v1, https://goo.gl/fbAQLP

exports[`<FilterSort  /> Renders stars component 1`] = `
<div
  className="FieldSortSearch"
>
  <p>
    Sort movies
  </p>
  <div>
    <button
      className="sortByLikies"
      onClick={undefined}
      type="button"
    >
      <small>
         by likies
      </small>
    </button>
    <button
      className="sortByRating"
      onClick={undefined}
      type="button"
    >
      <small>
         by rating
      </small>
    </button>
  </div>
  <div
    className="fieldInput"
  >
    <button
      className="submit"
      onClick={[Function]}
      type="submit"
    >
      ðŸ”Ž
    </button>
    <input
      className="input"
      onChange={[Function]}
      placeholder="Search by name"
      type="search"
      value=""
    />
  </div>
</div>
`;
